// Vitest Snapshot v1, https://vitest.dev/guide/snapshot.html

exports[`permission matrix (docs/10 §7.3) > matrix snapshot: changes must be deliberate and reviewed 1`] = `
{
  "ADMIN": [
    "analytics:export",
    "analytics:read",
    "analytics:revenue",
    "audit:read",
    "coupon:read",
    "coupon:write",
    "customer:read",
    "customer:read_sensitive",
    "ingredient:read",
    "ingredient:write",
    "inventory:read",
    "inventory:update",
    "order:cancel",
    "order:export",
    "order:fulfil",
    "order:note",
    "order:read",
    "order:refund",
    "price:update",
    "product:archive",
    "product:create",
    "product:merchandise",
    "product:publish",
    "product:read",
    "product:update",
    "review:moderate",
    "settings:read",
    "settings:write",
    "subscription:manage",
    "subscription:read",
    "team:manage",
  ],
  "CUSTOMER": [],
  "DEMO_STAFF": [
    "analytics:read",
    "analytics:revenue",
    "audit:read",
    "coupon:read",
    "coupon:write",
    "customer:read",
    "ingredient:read",
    "ingredient:write",
    "inventory:read",
    "inventory:update",
    "order:cancel",
    "order:fulfil",
    "order:note",
    "order:read",
    "order:refund",
    "price:update",
    "product:archive",
    "product:create",
    "product:merchandise",
    "product:publish",
    "product:read",
    "product:update",
    "review:moderate",
    "settings:read",
    "settings:write",
    "subscription:manage",
    "subscription:read",
  ],
  "INVENTORY_MANAGER": [
    "analytics:read",
    "ingredient:read",
    "inventory:read",
    "inventory:update",
    "order:fulfil",
    "order:note",
    "order:read",
    "product:read",
    "settings:read",
    "subscription:read",
  ],
  "MARKETING_MANAGER": [
    "analytics:export",
    "analytics:read",
    "analytics:revenue",
    "coupon:read",
    "coupon:write",
    "customer:read",
    "ingredient:read",
    "product:merchandise",
    "product:read",
    "review:moderate",
    "settings:read",
    "subscription:read",
  ],
  "SUPPORT": [
    "coupon:read",
    "customer:read",
    "ingredient:read",
    "inventory:read",
    "order:note",
    "order:read",
    "order:refund_limited",
    "product:read",
    "review:moderate",
    "settings:read",
    "subscription:manage",
    "subscription:read",
  ],
}
`;
