// Vitest Snapshot v1, https://vitest.dev/guide/snapshot.html

exports[`admin nav > matches the per-role nav snapshot 1`] = `
{
  "ADMIN": [
    "/admin",
    "/admin/products",
    "/admin/routines",
    "/admin/ingredients",
    "/admin/inventory",
    "/admin/orders",
    "/admin/customers",
    "/admin/subscriptions",
    "/admin/support",
    "/admin/reviews",
    "/admin/coupons",
    "/admin/analytics",
    "/admin/audit-log",
    "/admin/team",
    "/admin/settings",
  ],
  "CUSTOMER": [
    "/admin",
  ],
  "DEMO_STAFF": [
    "/admin",
    "/admin/products",
    "/admin/routines",
    "/admin/ingredients",
    "/admin/inventory",
    "/admin/orders",
    "/admin/customers",
    "/admin/subscriptions",
    "/admin/support",
    "/admin/reviews",
    "/admin/coupons",
    "/admin/analytics",
    "/admin/audit-log",
    "/admin/settings",
  ],
  "INVENTORY_MANAGER": [
    "/admin",
    "/admin/products",
    "/admin/routines",
    "/admin/ingredients",
    "/admin/inventory",
    "/admin/orders",
    "/admin/subscriptions",
    "/admin/support",
    "/admin/analytics",
    "/admin/settings",
  ],
  "MARKETING_MANAGER": [
    "/admin",
    "/admin/products",
    "/admin/routines",
    "/admin/ingredients",
    "/admin/customers",
    "/admin/subscriptions",
    "/admin/reviews",
    "/admin/coupons",
    "/admin/analytics",
    "/admin/settings",
  ],
  "SUPPORT": [
    "/admin",
    "/admin/products",
    "/admin/routines",
    "/admin/ingredients",
    "/admin/inventory",
    "/admin/orders",
    "/admin/customers",
    "/admin/subscriptions",
    "/admin/support",
    "/admin/reviews",
    "/admin/coupons",
    "/admin/settings",
  ],
}
`;
